<html>
<body>
<pre>
<h1>µVision Build Log</h1>
<h2>Project:</h2>
D:\Capstone\Project.uvproj
Project File Date:  03/11/2014

<h2>Output:</h2>
Build target 'STM32303C-EVAL'
compiling main.c...
linking...
Program Size: Code=9568 RO-data=572 RW-data=96 ZI-data=1128  
".\STM32303C-EVAL\Project.axf" - 0 Error(s), 0 Warning(s).
Load "D:\\Capstone\\STM32303C-EVAL\\Project.axf" 
Erase Done.
Programming Done.
Verify OK.
Load "D:\\Capstone\\STM32303C-EVAL\\Project.axf" 
Erase Done.
Programming Done.
Verify OK.
ect.axf" 
Erase Done.
Programming Done.
Verify OK.
Load "D:\\Capstone\\STM32303C-EVAL\\Project.axf" 
Erase Done.
Programming Done.
Verify OK.
 but never referenced
        uint8_t ReadRegister;
main.c: 1 warning, 0 errors
compiling stm32f30x_it.c...
compiling tw88.c...
compiling ar1100.c...
linking...
Program Size: Code=9284 RO-data=504 RW-data=96 ZI-data=1128  
".\STM32303C-EVAL\Project.axf" - 0 Error(s), 1 Warning(s).
Load "D:\\Capstone\\STM32303C-EVAL\\Project.axf" 
Erase Done.
Programming Done.
Verify OK.
Load "D:\\Capstone\\STM32303C-EVAL\\Project.axf" 
Erase Done.
Programming Done.
Verify OK.
tion, 0 warning and 2 error messages.
".\STM32303C-EVAL\Project.axf" - 2 Error(s), 1 Warning(s).
Target not created
Clean started: Project: 'Project'
   deleting intermediate output files for target 'STM32303C-EVAL'
bols.
Not enough information to list the image map.
Finished: 2 information, 0 warning and 2 error messages.
".\STM32303C-EVAL\Project.axf" - 2 Error(s), 3 Warning(s).
Target not created
88Write(0xA5,0x86)==0) {  // OSD Window border
main.c(222): warning:  #223-D: function "TW88Write" declared implicitly
        while (TW88Write(0x94,0x00)==0) {  //enable OSD RAM access
main.c(230): warning:  #223-D: function "TW88Write" declared implicitly
                while (TW88Write(0x9C,0x0F)==0) { //font color
main.c(233): warning:  #223-D: function "TW88Write" declared implicitly
                while (TW88Write(0x96,idx)==0) {  //RAM Address window position type of thing char index or something
main.c(237): warning:  #223-D: function "TW88Write" declared implicitly
                while (TW88Write(0x97,0x40+idx)==0) {  //char index
main.c(240): warning:  #223-D: function "TW88Write" declared implicitly
                while (TW88Write(0x98,0x07)==0) {
main.c(247): warning:  #223-D: function "TW88Write" declared implicitly
        while (TW88Write(0x9F,0x01)==0) {
main.c(42): warning:  #177-D: variable "ReadRegister" was declared but never referenced
        uint8_t ReadRegister;
main.c(405): error:  #159: declaration is incompatible with previous "TW88Write" (declared at line 190)
  uint8_t TW88Write(uint8_t regAddr, uint8_t data)
main.c: 15 warnings, 1 error
compiling stm32f30x_it.c...
compiling tw88.c...
Libraries\Drivers\tw88.c(10): warning:  #223-D: function "I2CReset" declared implicitly
                        I2CReset(I2C1,GPIOB,GPIO_Pin_6,GPIO_Pin_7);
Libraries\Drivers\tw88.c(15): warning:  #223-D: function "I2CReset" declared implicitly
                        I2CReset(I2C1,GPIOB,GPIO_Pin_6,GPIO_Pin_7);
Libraries\Drivers\tw88.c(19): warning:  #223-D: function "I2CReset" declared implicitly
                        I2CReset(I2C1,GPIOB,GPIO_Pin_6,GPIO_Pin_7);
Libraries\Drivers\tw88.c(23): warning:  #223-D: function "I2CReset" declared implicitly
                        I2CReset(I2C1,GPIOB,GPIO_Pin_6,GPIO_Pin_7);
Libraries\Drivers\tw88.c(26): warning:  #223-D: function "I2CReset" declared implicitly
                        I2CReset(I2C1,GPIOB,GPIO_Pin_6,GPIO_Pin_7);
Libraries\Drivers\tw88.c(29): warning:  #223-D: function "I2CReset" declared implicitly
                        I2CReset(I2C1,GPIOB,GPIO_Pin_6,GPIO_Pin_7);
Libraries\Drivers\tw88.c(32): warning:  #223-D: function "I2CReset" declared implicitly
                        I2CReset(I2C1,GPIOB,GPIO_Pin_6,GPIO_Pin_7);
Libraries\Drivers\tw88.c(35): warning:  #223-D: function "I2CReset" declared implicitly
                        I2CReset(I2C1,GPIOB,GPIO_Pin_6,GPIO_Pin_7);
Libraries\Drivers\tw88.c(39): warning:  #223-D: function "I2CReset" declared implicitly
                        I2CReset(I2C1,GPIOB,GPIO_Pin_6,GPIO_Pin_7);
Libraries\Drivers\tw88.c(42): warning:  #223-D: function "I2CReset" declared implicitly
                        I2CReset(I2C1,GPIOB,GPIO_Pin_6,GPIO_Pin_7);
Libraries\Drivers\tw88.c(45): warning:  #223-D: function "I2CReset" declared implicitly
                        I2CReset(I2C1,GPIOB,GPIO_Pin_6,GPIO_Pin_7);
Libraries\Drivers\tw88.c(48): warning:  #223-D: function "I2CReset" declared implicitly
                        I2CReset(I2C1,GPIOB,GPIO_Pin_6,GPIO_Pin_7);
Libraries\Drivers\tw88.c(51): warning:  #223-D: function "I2CReset" declared implicitly
                        I2CReset(I2C1,GPIOB,GPIO_Pin_6,GPIO_Pin_7);
Libraries\Drivers\tw88.c(54): warning:  #223-D: function "I2CReset" declared implicitly
                        I2CReset(I2C1,GPIOB,GPIO_Pin_6,GPIO_Pin_7);
Libraries\Drivers\tw88.c(57): warning:  #223-D: function "I2CReset" declared implicitly
                        I2CReset(I2C1,GPIOB,GPIO_Pin_6,GPIO_Pin_7);
Libraries\Drivers\tw88.c(60): warning:  #223-D: function "I2CReset" declared implicitly
                        I2CReset(I2C1,GPIOB,GPIO_Pin_6,GPIO_Pin_7);
Libraries\Drivers\tw88.c(63): warning:  #223-D: function "I2CReset" declared implicitly
                        I2CReset(I2C1,GPIOB,GPIO_Pin_6,GPIO_Pin_7);
Libraries\Drivers\tw88.c(66): warning:  #223-D: function "I2CReset" declared implicitly
                        I2CReset(I2C1,GPIOB,GPIO_Pin_6,GPIO_Pin_7);
Libraries\Drivers\tw88.c(69): warning:  #223-D: function "I2CReset" declared implicitly
                        I2CReset(I2C1,GPIOB,GPIO_Pin_6,GPIO_Pin_7);
Libraries\Drivers\tw88.c(72): warning:  #223-D: function "I2CReset" declared implicitly
                        I2CReset(I2C1,GPIOB,GPIO_Pin_6,GPIO_Pin_7);
Libraries\Drivers\tw88.c(75): warning:  #223-D: function "I2CReset" declared implicitly
                        I2CReset(I2C1,GPIOB,GPIO_Pin_6,GPIO_Pin_7);
Libraries\Drivers\tw88.c(78): warning:  #223-D: function "I2CReset" declared implicitly
                        I2CReset(I2C1,GPIOB,GPIO_Pin_6,GPIO_Pin_7);
Libraries\Drivers\tw88.c(82): warning:  #223-D: function "I2CReset" declared implicitly
                        I2CReset(I2C1,GPIOB,GPIO_Pin_6,GPIO_Pin_7);
Libraries\Drivers\tw88.c(85): warning:  #223-D: function "I2CReset" declared implicitly
                        I2CReset(I2C1,GPIOB,GPIO_Pin_6,GPIO_Pin_7);
Libraries\Drivers\tw88.c(88): warning:  #223-D: function "I2CReset" declared implicitly
                        I2CReset(I2C1,GPIOB,GPIO_Pin_6,GPIO_Pin_7);
Libraries\Drivers\tw88.c(92): warning:  #223-D: function "I2CReset" declared implicitly
                        I2CReset(I2C1,GPIOB,GPIO_Pin_6,GPIO_Pin_7);
Libraries\Drivers\tw88.c(95): warning:  #223-D: function "I2CReset" declared implicitly
                        I2CReset(I2C1,GPIOB,GPIO_Pin_6,GPIO_Pin_7);
Libraries\Drivers\tw88.c(99): warning:  #223-D: function "I2CReset" declared implicitly
                        I2CReset(I2C1,GPIOB,GPIO_Pin_6,GPIO_Pin_7);
Libraries\Drivers\tw88.c(103): warning:  #223-D: function "I2CReset" declared implicitly
                        I2CReset(I2C1,GPIOB,GPIO_Pin_6,GPIO_Pin_7);
Libraries\Drivers\tw88.c(106): warning:  #223-D: function "I2CReset" declared implicitly
                        I2CReset(I2C1,GPIOB,GPIO_Pin_6,GPIO_Pin_7);
Libraries\Drivers\tw88.c(109): warning:  #223-D: function "I2CReset" declared implicitly
                        I2CReset(I2C1,GPIOB,GPIO_Pin_6,GPIO_Pin_7);
Libraries\Drivers\tw88.c(112): warning:  #223-D: function "I2CReset" declared implicitly
                        I2CReset(I2C1,GPIOB,GPIO_Pin_6,GPIO_Pin_7);
Libraries\Drivers\tw88.c(115): warning:  #223-D: function "I2CReset" declared implicitly
                        I2CReset(I2C1,GPIOB,GPIO_Pin_6,GPIO_Pin_7);
Libraries\Drivers\tw88.c(118): warning:  #223-D: function "I2CReset" declared implicitly
                        I2CReset(I2C1,GPIOB,GPIO_Pin_6,GPIO_Pin_7);
Libraries\Drivers\tw88.c(121): warning:  #223-D: function "I2CReset" declared implicitly
                        I2CReset(I2C1,GPIOB,GPIO_Pin_6,GPIO_Pin_7);
Libraries\Drivers\tw88.c(124): warning:  #223-D: function "I2CReset" declared implicitly
                        I2CReset(I2C1,GPIOB,GPIO_Pin_6,GPIO_Pin_7);
Libraries\Drivers\tw88.c(127): warning:  #223-D: function "I2CReset" declared implicitly
                        I2CReset(I2C1,GPIOB,GPIO_Pin_6,GPIO_Pin_7);
Libraries\Drivers\tw88.c(130): warning:  #223-D: function "I2CReset" declared implicitly
                        I2CReset(I2C1,GPIOB,GPIO_Pin_6,GPIO_Pin_7);
Libraries\Drivers\tw88.c(133): warning:  #223-D: function "I2CReset" declared implicitly
                        I2CReset(I2C1,GPIOB,GPIO_Pin_6,GPIO_Pin_7);
Libraries\Drivers\tw88.c(137): warning:  #223-D: function "I2CReset" declared implicitly
                        I2CReset(I2C1,GPIOB,GPIO_Pin_6,GPIO_Pin_7);
Libraries\Drivers\tw88.c(140): warning:  #223-D: function "I2CReset" declared implicitly
                        I2CReset(I2C1,GPIOB,GPIO_Pin_6,GPIO_Pin_7);
Libraries\Drivers\tw88.c(143): warning:  #223-D: function "I2CReset" declared implicitly
                        I2CReset(I2C1,GPIOB,GPIO_Pin_6,GPIO_Pin_7);
Libraries\Drivers\tw88.c(146): warning:  #223-D: function "I2CReset" declared implicitly
                        I2CReset(I2C1,GPIOB,GPIO_Pin_6,GPIO_Pin_7);
Libraries\Drivers\tw88.c(150): warning:  #223-D: function "I2CReset" declared implicitly
                        I2CReset(I2C1,GPIOB,GPIO_Pin_6,GPIO_Pin_7);
Libraries\Drivers\tw88.c(153): warning:  #223-D: function "I2CReset" declared implicitly
                        I2CReset(I2C1,GPIOB,GPIO_Pin_6,GPIO_Pin_7);
Libraries\Drivers\tw88.c(156): warning:  #223-D: function "I2CReset" declared implicitly
                        I2CReset(I2C1,GPIOB,GPIO_Pin_6,GPIO_Pin_7);
Libraries\Drivers\tw88.c(159): warning:  #223-D: function "I2CReset" declared implicitly
                        I2CReset(I2C1,GPIOB,GPIO_Pin_6,GPIO_Pin_7);
Libraries\Drivers\tw88.c(162): warning:  #223-D: function "I2CReset" declared implicitly
                        I2CReset(I2C1,GPIOB,GPIO_Pin_6,GPIO_Pin_7);
Libraries\Drivers\tw88.c(165): warning:  #223-D: function "I2CReset" declared implicitly
                        I2CReset(I2C1,GPIOB,GPIO_Pin_6,GPIO_Pin_7);
Libraries\Drivers\tw88.c(169): warning:  #223-D: function "I2CReset" declared implicitly
                        I2CReset(I2C1,GPIOB,GPIO_Pin_6,GPIO_Pin_7);
Libraries\Drivers\tw88.c(173): warning:  #223-D: function "I2CReset" declared implicitly
                        I2CReset(I2C1,GPIOB,GPIO_Pin_6,GPIO_Pin_7);
Libraries\Drivers\tw88.c(177): warning:  #223-D: function "I2CReset" declared implicitly
                        I2CReset(I2C1,GPIOB,GPIO_Pin_6,GPIO_Pin_7);
Libraries\Drivers\tw88.c(181): warning:  #223-D: function "I2CReset" declared implicitly
                        I2CReset(I2C1,GPIOB,GPIO_Pin_6,GPIO_Pin_7);
Libraries\Drivers\tw88.c(185): warning:  #223-D: function "I2CReset" declared implicitly
                        I2CReset(I2C1,GPIOB,GPIO_Pin_6,GPIO_Pin_7);
Libraries\Drivers\tw88.c(189): warning:  #223-D: function "I2CReset" declared implicitly
                        I2CReset(I2C1,GPIOB,GPIO_Pin_6,GPIO_Pin_7);
Libraries\Drivers\tw88.c(193): warning:  #223-D: function "I2CReset" declared implicitly
                        I2CReset(I2C1,GPIOB,GPIO_Pin_6,GPIO_Pin_7);
Libraries\Drivers\tw88.c(197): warning:  #223-D: function "I2CReset" declared implicitly
                        I2CReset(I2C1,GPIOB,GPIO_Pin_6,GPIO_Pin_7);
Libraries\Drivers\tw88.c(200): warning:  #223-D: function "I2CReset" declared implicitly
                        I2CReset(I2C1,GPIOB,GPIO_Pin_6,GPIO_Pin_7);
Libraries\Drivers\tw88.c(203): warning:  #223-D: function "I2CReset" declared implicitly
                        I2CReset(I2C1,GPIOB,GPIO_Pin_6,GPIO_Pin_7);
Libraries\Drivers\tw88.c(206): warning:  #223-D: function "I2CReset" declared implicitly
                        I2CReset(I2C1,GPIOB,GPIO_Pin_6,GPIO_Pin_7);
Libraries\Drivers\tw88.c(209): warning:  #223-D: function "I2CReset" declared implicitly
                        I2CReset(I2C1,GPIOB,GPIO_Pin_6,GPIO_Pin_7);
Libraries\Drivers\tw88.c(212): warning:  #223-D: function "I2CReset" declared implicitly
                        I2CReset(I2C1,GPIOB,GPIO_Pin_6,GPIO_Pin_7);
Libraries\Drivers\tw88.c(215): warning:  #223-D: function "I2CReset" declared implicitly
                        I2CReset(I2C1,GPIOB,GPIO_Pin_6,GPIO_Pin_7);
Libraries\Drivers\tw88.c(219): warning:  #223-D: function "I2CReset" declared implicitly
                        I2CReset(I2C1,GPIOB,GPIO_Pin_6,GPIO_Pin_7);
Libraries\Drivers\tw88.c(222): warning:  #223-D: function "I2CReset" declared implicitly
                        I2CReset(I2C1,GPIOB,GPIO_Pin_6,GPIO_Pin_7);
Libraries\Drivers\tw88.c(226): warning:  #223-D: function "I2CReset" declared implicitly
                        I2CReset(I2C1,GPIOB,GPIO_Pin_6,GPIO_Pin_7);
Libraries\Drivers\tw88.c(229): warning:  #223-D: function "I2CReset" declared implicitly
                        I2CReset(I2C1,GPIOB,GPIO_Pin_6,GPIO_Pin_7);
Libraries\Drivers\tw88.c(232): warning:  #223-D: function "I2CReset" declared implicitly
                        I2CReset(I2C1,GPIOB,GPIO_Pin_6,GPIO_Pin_7);
Libraries\Drivers\tw88.c(235): warning:  #223-D: function "I2CReset" declared implicitly
                        I2CReset(I2C1,GPIOB,GPIO_Pin_6,GPIO_Pin_7);
Libraries\Drivers\tw88.c(238): warning:  #223-D: function "I2CReset" declared implicitly
                        I2CReset(I2C1,GPIOB,GPIO_Pin_6,GPIO_Pin_7);
Libraries\Drivers\tw88.c(241): warning:  #223-D: function "I2CReset" declared implicitly
                        I2CReset(I2C1,GPIOB,GPIO_Pin_6,GPIO_Pin_7);
Libraries\Drivers\tw88.c(244): warning:  #223-D: function "I2CReset" declared implicitly
                        I2CReset(I2C1,GPIOB,GPIO_Pin_6,GPIO_Pin_7);
Libraries\Drivers\tw88.c(248): warning:  #223-D: function "I2CReset" declared implicitly
                        I2CReset(I2C1,GPIOB,GPIO_Pin_6,GPIO_Pin_7);
Libraries\Drivers\tw88.c(251): warning:  #223-D: function "I2CReset" declared implicitly
                        I2CReset(I2C1,GPIOB,GPIO_Pin_6,GPIO_Pin_7);
Libraries\Drivers\tw88.c(254): warning:  #223-D: function "I2CReset" declared implicitly
                        I2CReset(I2C1,GPIOB,GPIO_Pin_6,GPIO_Pin_7);
Libraries\Drivers\tw88.c(257): warning:  #223-D: function "I2CReset" declared implicitly
                        I2CReset(I2C1,GPIOB,GPIO_Pin_6,GPIO_Pin_7);
Libraries\Drivers\tw88.c(261): warning:  #223-D: function "I2CReset" declared implicitly
                        I2CReset(I2C1,GPIOB,GPIO_Pin_6,GPIO_Pin_7);
Libraries\Drivers\tw88.c(264): warning:  #223-D: function "I2CReset" declared implicitly
                        I2CReset(I2C1,GPIOB,GPIO_Pin_6,GPIO_Pin_7);
Libraries\Drivers\tw88.c(267): warning:  #223-D: function "I2CReset" declared implicitly
                        I2CReset(I2C1,GPIOB,GPIO_Pin_6,GPIO_Pin_7);
Libraries\Drivers\tw88.c(270): warning:  #223-D: function "I2CReset" declared implicitly
                        I2CReset(I2C1,GPIOB,GPIO_Pin_6,GPIO_Pin_7);
Libraries\Drivers\tw88.c(273): warning:  #223-D: function "I2CReset" declared implicitly
                        I2CReset(I2C1,GPIOB,GPIO_Pin_6,GPIO_Pin_7);
Libraries\Drivers\tw88.c(276): warning:  #223-D: function "I2CReset" declared implicitly
                        I2CReset(I2C1,GPIOB,GPIO_Pin_6,GPIO_Pin_7);
Libraries\Drivers\tw88.c(279): warning:  #223-D: function "I2CReset" declared implicitly
                        I2CReset(I2C1,GPIOB,GPIO_Pin_6,GPIO_Pin_7);
Libraries\Drivers\tw88.c(282): warning:  #223-D: function "I2CReset" declared implicitly
                        I2CReset(I2C1,GPIOB,GPIO_Pin_6,GPIO_Pin_7);
Libraries\Drivers\tw88.c(285): warning:  #223-D: function "I2CReset" declared implicitly
                        I2CReset(I2C1,GPIOB,GPIO_Pin_6,GPIO_Pin_7);
Libraries\Drivers\tw88.c(288): warning:  #223-D: function "I2CReset" declared implicitly
                        I2CReset(I2C1,GPIOB,GPIO_Pin_6,GPIO_Pin_7);
Libraries\Drivers\tw88.c(291): warning:  #223-D: function "I2CReset" declared implicitly
                        I2CReset(I2C1,GPIOB,GPIO_Pin_6,GPIO_Pin_7);
Libraries\Drivers\tw88.c(294): warning:  #223-D: function "I2CReset" declared implicitly
                        I2CReset(I2C1,GPIOB,GPIO_Pin_6,GPIO_Pin_7);
Libraries\Drivers\tw88.c(297): warning:  #223-D: function "I2CReset" declared implicitly
                        I2CReset(I2C1,GPIOB,GPIO_Pin_6,GPIO_Pin_7);
Libraries\Drivers\tw88.c(300): warning:  #223-D: function "I2CReset" declared implicitly
                        I2CReset(I2C1,GPIOB,GPIO_Pin_6,GPIO_Pin_7);
Libraries\Drivers\tw88.c(303): warning:  #223-D: function "I2CReset" declared implicitly
                        I2CReset(I2C1,GPIOB,GPIO_Pin_6,GPIO_Pin_7);
Libraries\Drivers\tw88.c(306): warning:  #223-D: function "I2CReset" declared implicitly
                        I2CReset(I2C1,GPIOB,GPIO_Pin_6,GPIO_Pin_7);
Libraries\Drivers\tw88.c(309): warning:  #223-D: function "I2CReset" declared implicitly
                        I2CReset(I2C1,GPIOB,GPIO_Pin_6,GPIO_Pin_7);
Libraries\Drivers\tw88.c(312): warning:  #223-D: function "I2CReset" declared implicitly
                        I2CReset(I2C1,GPIOB,GPIO_Pin_6,GPIO_Pin_7);
Libraries\Drivers\tw88.c(315): warning:  #223-D: function "I2CReset" declared implicitly
                        I2CReset(I2C1,GPIOB,GPIO_Pin_6,GPIO_Pin_7);
Libraries\Drivers\tw88.c(318): warning:  #223-D: function "I2CReset" declared implicitly
                        I2CReset(I2C1,GPIOB,GPIO_Pin_6,GPIO_Pin_7);
Libraries\Drivers\tw88.c(322): warning:  #223-D: function "I2CReset" declared implicitly
                        I2CReset(I2C1,GPIOB,GPIO_Pin_6,GPIO_Pin_7);
Libraries\Drivers\tw88.c(325): warning:  #223-D: function "I2CReset" declared implicitly
                        I2CReset(I2C1,GPIOB,GPIO_Pin_6,GPIO_Pin_7);
Libraries\Drivers\tw88.c(328): warning:  #223-D: function "I2CReset" declared implicitly
                        I2CReset(I2C1,GPIOB,GPIO_Pin_6,GPIO_Pin_7);
Libraries\Drivers\tw88.c(332): warning:  #223-D: function "I2CReset" declared implicitly
                        I2CReset(I2C1,GPIOB,GPIO_Pin_6,GPIO_Pin_7);
Libraries\Drivers\tw88.c(336): warning:  #223-D: function "I2CReset" declared implicitly
                        I2CReset(I2C1,GPIOB,GPIO_Pin_6,GPIO_Pin_7);
Libraries\Drivers\tw88.c(339): warning:  #223-D: function "I2CReset" declared implicitly
                        I2CReset(I2C1,GPIOB,GPIO_Pin_6,GPIO_Pin_7);
Libraries\Drivers\tw88.c(342): warning:  #223-D: function "I2CReset" declared implicitly
                        I2CReset(I2C1,GPIOB,GPIO_Pin_6,GPIO_Pin_7);
Libraries\Drivers\tw88.c(345): warning:  #223-D: function "I2CReset" declared implicitly
                        I2CReset(I2C1,GPIOB,GPIO_Pin_6,GPIO_Pin_7);
Libraries\Drivers\tw88.c(348): warning:  #223-D: function "I2CReset" declared implicitly
                        I2CReset(I2C1,GPIOB,GPIO_Pin_6,GPIO_Pin_7);
Libraries\Drivers\tw88.c(351): warning:  #223-D: function "I2CReset" declared implicitly
                        I2CReset(I2C1,GPIOB,GPIO_Pin_6,GPIO_Pin_7);
Libraries\Drivers\tw88.c(355): warning:  #223-D: function "I2CReset" declared implicitly
                        I2CReset(I2C1,GPIOB,GPIO_Pin_6,GPIO_Pin_7);
Libraries\Drivers\tw88.c(359): warning:  #223-D: function "I2CReset" declared implicitly
                        I2CReset(I2C1,GPIOB,GPIO_Pin_6,GPIO_Pin_7);
Libraries\Drivers\tw88.c(362): warning:  #223-D: function "I2CReset" declared implicitly
                        I2CReset(I2C1,GPIOB,GPIO_Pin_6,GPIO_Pin_7);
Libraries\Drivers\tw88.c(365): warning:  #223-D: function "I2CReset" declared implicitly
                        I2CReset(I2C1,GPIOB,GPIO_Pin_6,GPIO_Pin_7);
Libraries\Drivers\tw88.c(368): warning:  #223-D: function "I2CReset" declared implicitly
                        I2CReset(I2C1,GPIOB,GPIO_Pin_6,GPIO_Pin_7);
Libraries\Drivers\tw88.c(373): warning:  #223-D: function "I2CReset" declared implicitly
                        I2CReset(I2C1,GPIOB,GPIO_Pin_6,GPIO_Pin_7);
Libraries\Drivers\tw88.c(377): warning:  #223-D: function "I2CReset" declared implicitly
                        I2CReset(I2C1,GPIOB,GPIO_Pin_6,GPIO_Pin_7);
Libraries\Drivers\tw88.c(380): warning:  #223-D: function "I2CReset" declared implicitly
                        I2CReset(I2C1,GPIOB,GPIO_Pin_6,GPIO_Pin_7);
Libraries\Drivers\tw88.c(385): warning:  #223-D: function "I2CReset" declared implicitly
                        I2CReset(I2C1,GPIOB,GPIO_Pin_6,GPIO_Pin_7);
Libraries\Drivers\tw88.c(389): warning:  #223-D: function "I2CReset" declared implicitly
                        I2CReset(I2C1,GPIOB,GPIO_Pin_6,GPIO_Pin_7);
Libraries\Drivers\tw88.c(393): warning:  #223-D: function "I2CReset" declared implicitly
                        I2CReset(I2C1,GPIOB,GPIO_Pin_6,GPIO_Pin_7);
Libraries\Drivers\tw88.c(397): warning:  #223-D: function "I2CReset" declared implicitly
                        I2CReset(I2C1,GPIOB,GPIO_Pin_6,GPIO_Pin_7);
Libraries\Drivers\tw88.c(400): warning:  #223-D: function "I2CReset" declared implicitly
                        I2CReset(I2C1,GPIOB,GPIO_Pin_6,GPIO_Pin_7);
Libraries\Drivers\tw88.c(403): warning:  #223-D: function "I2CReset" declared implicitly
                        I2CReset(I2C1,GPIOB,GPIO_Pin_6,GPIO_Pin_7);
Libraries\Drivers\tw88.c(406): warning:  #223-D: function "I2CReset" declared implicitly
                        I2CReset(I2C1,GPIOB,GPIO_Pin_6,GPIO_Pin_7);
Libraries\Drivers\tw88.c(409): warning:  #223-D: function "I2CReset" declared implicitly
                        I2CReset(I2C1,GPIOB,GPIO_Pin_6,GPIO_Pin_7);
Libraries\Drivers\tw88.c(412): warning:  #223-D: function "I2CReset" declared implicitly
                        I2CReset(I2C1,GPIOB,GPIO_Pin_6,GPIO_Pin_7);
Libraries\Drivers\tw88.c(415): warning:  #223-D: function "I2CReset" declared implicitly
                        I2CReset(I2C1,GPIOB,GPIO_Pin_6,GPIO_Pin_7);
Libraries\Drivers\tw88.c(418): warning:  #223-D: function "I2CReset" declared implicitly
                        I2CReset(I2C1,GPIOB,GPIO_Pin_6,GPIO_Pin_7);
Libraries\Drivers\tw88.c(421): warning:  #223-D: function "I2CReset" declared implicitly
                        I2CReset(I2C1,GPIOB,GPIO_Pin_6,GPIO_Pin_7);
Libraries\Drivers\tw88.c(424): warning:  #223-D: function "I2CReset" declared implicitly
                        I2CReset(I2C1,GPIOB,GPIO_Pin_6,GPIO_Pin_7);
Libraries\Drivers\tw88.c(427): warning:  #223-D: function "I2CReset" declared implicitly
                        I2CReset(I2C1,GPIOB,GPIO_Pin_6,GPIO_Pin_7);
Libraries\Drivers\tw88.c(430): warning:  #223-D: function "I2CReset" declared implicitly
                        I2CReset(I2C1,GPIOB,GPIO_Pin_6,GPIO_Pin_7);
Libraries\Drivers\tw88.c(434): warning:  #223-D: function "I2CReset" declared implicitly
                        I2CReset(I2C1,GPIOB,GPIO_Pin_6,GPIO_Pin_7);
Libraries\Drivers\tw88.c(438): warning:  #223-D: function "I2CReset" declared implicitly
                        I2CReset(I2C1,GPIOB,GPIO_Pin_6,GPIO_Pin_7);
Libraries\Drivers\tw88.c(441): warning:  #223-D: function "I2CReset" declared implicitly
                        I2CReset(I2C1,GPIOB,GPIO_Pin_6,GPIO_Pin_7);
Libraries\Drivers\tw88.c(445): warning:  #223-D: function "I2CReset" declared implicitly
                        I2CReset(I2C1,GPIOB,GPIO_Pin_6,GPIO_Pin_7);
Libraries\Drivers\tw88.c(449): warning:  #223-D: function "I2CReset" declared implicitly
                        I2CReset(I2C1,GPIOB,GPIO_Pin_6,GPIO_Pin_7);
Libraries\Drivers\tw88.c(452): warning:  #223-D: function "I2CReset" declared implicitly
                        I2CReset(I2C1,GPIOB,GPIO_Pin_6,GPIO_Pin_7);
Libraries\Drivers\tw88.c(455): warning:  #223-D: function "I2CReset" declared implicitly
                        I2CReset(I2C1,GPIOB,GPIO_Pin_6,GPIO_Pin_7);
Libraries\Drivers\tw88.c(459): warning:  #223-D: function "I2CReset" declared implicitly
                        I2CReset(I2C1,GPIOB,GPIO_Pin_6,GPIO_Pin_7);
Libraries\Drivers\tw88.c(463): warning:  #223-D: function "I2CReset" declared implicitly
                        I2CReset(I2C1,GPIOB,GPIO_Pin_6,GPIO_Pin_7);
Libraries\Drivers\tw88.c(466): warning:  #223-D: function "I2CReset" declared implicitly
                        I2CReset(I2C1,GPIOB,GPIO_Pin_6,GPIO_Pin_7);
Libraries\Drivers\tw88.c(469): warning:  #223-D: function "I2CReset" declared implicitly
                        I2CReset(I2C1,GPIOB,GPIO_Pin_6,GPIO_Pin_7);
Libraries\Drivers\tw88.c(472): warning:  #223-D: function "I2CReset" declared implicitly
                        I2CReset(I2C1,GPIOB,GPIO_Pin_6,GPIO_Pin_7);
Libraries\Drivers\tw88.c(475): warning:  #223-D: function "I2CReset" declared implicitly
                        I2CReset(I2C1,GPIOB,GPIO_Pin_6,GPIO_Pin_7);
Libraries\Drivers\tw88.c(478): warning:  #223-D: function "I2CReset" declared implicitly
                        I2CReset(I2C1,GPIOB,GPIO_Pin_6,GPIO_Pin_7);
Libraries\Drivers\tw88.c(481): warning:  #223-D: function "I2CReset" declared implicitly
                        I2CReset(I2C1,GPIOB,GPIO_Pin_6,GPIO_Pin_7);
Libraries\Drivers\tw88.c(484): warning:  #223-D: function "I2CReset" declared implicitly
                        I2CReset(I2C1,GPIOB,GPIO_Pin_6,GPIO_Pin_7);
Libraries\Drivers\tw88.c(487): warning:  #223-D: function "I2CReset" declared implicitly
                        I2CReset(I2C1,GPIOB,GPIO_Pin_6,GPIO_Pin_7);
Libraries\Drivers\tw88.c(490): warning:  #223-D: function "I2CReset" declared implicitly
                        I2CReset(I2C1,GPIOB,GPIO_Pin_6,GPIO_Pin_7);
Libraries\Drivers\tw88.c(493): warning:  #223-D: function "I2CReset" declared implicitly
                        I2CReset(I2C1,GPIOB,GPIO_Pin_6,GPIO_Pin_7);
Libraries\Drivers\tw88.c(497): warning:  #223-D: function "I2CReset" declared implicitly
                        I2CReset(I2C1,GPIOB,GPIO_Pin_6,GPIO_Pin_7);
Libraries\Drivers\tw88.c(500): warning:  #223-D: function "I2CReset" declared implicitly
                        I2CReset(I2C1,GPIOB,GPIO_Pin_6,GPIO_Pin_7);
Libraries\Drivers\tw88.c(504): warning:  #223-D: function "I2CReset" declared implicitly
                        I2CReset(I2C1,GPIOB,GPIO_Pin_6,GPIO_Pin_7);
Libraries\Drivers\tw88.c(507): warning:  #223-D: function "I2CReset" declared implicitly
                        I2CReset(I2C1,GPIOB,GPIO_Pin_6,GPIO_Pin_7);
Libraries\Drivers\tw88.c(512): warning:  #223-D: function "I2CReset" declared implicitly
                        I2CReset(I2C1,GPIOB,GPIO_Pin_6,GPIO_Pin_7);
Libraries\Drivers\tw88.c(516): warning:  #940-D: missing return statement at end of non-void function "TW88_Init"
  }
Libraries\Drivers\tw88.c(527): error:  #20: identifier "TW88Registers" is undefined
                        while (TW88Read(x, &TW88Registers[x])==0) {
Libraries\Drivers\tw88.c(528): warning:  #223-D: function "I2CReset" declared implicitly
                                  I2CReset(I2C1,GPIOB,GPIO_Pin_6,GPIO_Pin_7);
Libraries\Drivers\tw88.c: 155 warnings, 1 error
".\STM32303C-EVAL\Project.axf" - 2 Error(s), 170 Warning(s).
Target not created
